// Jest Snapshot v1, https://goo.gl/fbAQLP

exports[`NameInput snapshots should render with default html 1`] = `
<form
  autocomplete="off"
>
  <input
    class="name-input"
    placeholder="player name..."
  />
</form>
`;
